config -
to give name and email
git add more option in - objects.(in hash format)

nnn@pirate:~$ ls
Desktop    Downloads   Music     Public  Templates
Documents  git_workes  Pictures  snap    Videos
nnn@pirate:~$ cd git_workes/
nnn@pirate:~/git_workes$ ls
code.txt
nnn@pirate:~/git_workes$ git remote -v
oigin	https://github.com/nagendra-h/lsscode.git (fetch)
oigin	https://github.com/nagendra-h/lsscode.git (push)
nnn@pirate:~/git_workes$ locae gitconfig

Command 'locae' not found, did you mean:

  command 'locale' from deb libc-bin (2.31-0ubuntu9.7)
  command 'locate' from deb mlocate (0.26-3ubuntu3)

Try: sudo apt install <deb name>

nnn@pirate:~/git_workes$ locate gitconfig
/home/nnn/.gitconfig
/var/snap/docker/1458/etc/gitconfig
nnn@pirate:~/git_workes$ nano /home/nnn/.gitconfig


Use "fg" to return to nano.

[1]+  Stopped                 nano /home/nnn/.gitconfig
nnn@pirate:~/git_workes$ cd ..
nnn@pirate:~$ rm -rdR git_workes/
rm: remove write-protected regular file 'git_workes/.git/objects/55/3ad7b3c6e29f63e7e70aa04ff7a7fb1bb8e92c'? yes
rm: remove write-protected regular file 'git_workes/.git/objects/79/7df0c4e44314fc2d9955dffb980ecb9130eacb'? yes
rm: remove write-protected regular file 'git_workes/.git/objects/e6/9de29bb2d1d6434b8b29ae775ad8c2e48c5391'? yes
rm: remove write-protected regular file 'git_workes/.git/objects/ac/b7c36f1eff1a01adbceafa5f9c9e374720d9c4'? y
rm: remove write-protected regular file 'git_workes/.git/objects/6c/6477ddb858cab5a8ee96da43f4e9bd3c425039'? y
rm: remove write-protected regular file 'git_workes/.git/objects/0f/7219e27753da9fe74c0e85c77518c073a2adef'? y
nnn@pirate:~$ y
y: command not found
nnn@pirate:~$ mkdir git_workes ; chmod 777 git_workes ; 
nnn@pirate:~$ cd git_workes/
nnn@pirate:~/git_workes$ git config --global user.name "nagendra-h"
nnn@pirate:~/git_workes$ git config --global user.email "nagendraherle@gmail.com"
nnn@pirate:~/git_workes$ locate gitconfig
/home/nnn/.gitconfig
/var/snap/docker/1458/etc/gitconfig
nnn@pirate:~/git_workes$ nano /home/nnn/.gitconfig


Use "fg" to return to nano.

[2]+  Stopped                 nano /home/nnn/.gitconfig
nnn@pirate:~/git_workes$ git --version
git version 2.25.1
nnn@pirate:~/git_workes$ git init
Initialized empty Git repository in /home/nnn/git_workes/.git/
nnn@pirate:~/git_workes$ ls
nnn@pirate:~/git_workes$ pwd
/home/nnn/git_workes
nnn@pirate:~/git_workes$ ls
nnn@pirate:~/git_workes$ git init
Reinitialized existing Git repository in /home/nnn/git_workes/.git/
nnn@pirate:~/git_workes$ ls
nnn@pirate:~/git_workes$ ls -ail
total 12
3151325 drwxrwxrwx  3 nnn nnn 4096 Mar 16 09:35 .
3149827 drwxr-xr-x 22 nnn nnn 4096 Mar 16 09:34 ..
3284545 drwxrwxr-x  7 nnn nnn 4096 Mar 16 09:36 .git
nnn@pirate:~/git_workes$ ls .git
branches  config  description  HEAD  hooks  info  objects  refs
nnn@pirate:~/git_workes$ ls .git/
branches  config  description  HEAD  hooks  info  objects  refs
nnn@pirate:~/git_workes$ ls .git/
branches/    description  hooks/       objects/     
config       HEAD         info/        refs/        
nnn@pirate:~/git_workes$ git branch 
nnn@pirate:~/git_workes$ echo first > 1.txt
nnn@pirate:~/git_workes$ cat 1.txt
first
nnn@pirate:~/git_workes$ ls
1.txt
nnn@pirate:~/git_workes$ ls .git/objects/
info  pack
nnn@pirate:~/git_workes$ ls .git/objects/
info/ pack/ 
nnn@pirate:~/git_workes$ git status
On branch master

No commits yet

Untracked files:
  (use "git add <file>..." to include in what will be committed)
	1.txt

nothing added to commit but untracked files present (use "git add" to track)
nnn@pirate:~/git_workes$ git add 1.txt
nnn@pirate:~/git_workes$ git status
On branch master

No commits yet

Changes to be committed:
  (use "git rm --cached <file>..." to unstage)
	new file:   1.txt

nnn@pirate:~/git_workes$ git log
fatal: your current branch 'master' does not have any commits yet
nnn@pirate:~/git_workes$ git commit -m "first super commit"
[master (root-commit) 9aec5f1] first super commit
 1 file changed, 1 insertion(+)
 create mode 100644 1.txt
nnn@pirate:~/git_workes$ git --list
unknown option: --list
usage: git [--version] [--help] [-C <path>] [-c <name>=<value>]
           [--exec-path[=<path>]] [--html-path] [--man-path] [--info-path]
           [-p | --paginate | -P | --no-pager] [--no-replace-objects] [--bare]
           [--git-dir=<path>] [--work-tree=<path>] [--namespace=<name>]
           <command> [<args>]
nnn@pirate:~/git_workes$ git config --list
user.name=nagendra-h
user.email=nagendraherle@gmail.com
core.repositoryformatversion=0
core.filemode=true
core.bare=false
core.logallrefupdates=true
nnn@pirate:~/git_workes$ git status
On branch master
nothing to commit, working tree clean
nnn@pirate:~/git_workes$ ls .git/objects/
2c/   9a/   9c/   info/ pack/ 
nnn@pirate:~/git_workes$ echo escond >> 2.txt
nnn@pirate:~/git_workes$ cat 2.txt
escond
nnn@pirate:~/git_workes$ ls 
1.txt  2.txt
nnn@pirate:~/git_workes$ git status
On branch master
Untracked files:
  (use "git add <file>..." to include in what will be committed)
	2.txt

nothing added to commit but untracked files present (use "git add" to track)
nnn@pirate:~/git_workes$ ls .git/objects/
2c/   9a/   9c/   info/ pack/ 
nnn@pirate:~/git_workes$ git add 2.txt
nnn@pirate:~/git_workes$ ls .git/objects/
14/   2c/   9a/   9c/   info/ pack/ 
nnn@pirate:~/git_workes$ git status
On branch master
Changes to be committed:
  (use "git restore --staged <file>..." to unstage)
	new file:   2.txt

nnn@pirate:~/git_workes$ git commit -m "second file added"
[master 69eb56e] second file added
 1 file changed, 1 insertion(+)
 create mode 100644 2.txt
nnn@pirate:~/git_workes$ git status
On branch master
nothing to commit, working tree clean
nnn@pirate:~/git_workes$ git log
commit 69eb56e777ec2194dd73eedcd2561a9c2c55b12a (HEAD -> master)
Author: nagendra-h <nagendraherle@gmail.com>
Date:   Wed Mar 16 09:57:12 2022 +0530

    second file added

commit 9aec5f1c05f9d91b6f666ed75b7fc00ed5b87490
Author: nagendra-h <nagendraherle@gmail.com>
Date:   Wed Mar 16 09:46:21 2022 +0530

    first super commit
nnn@pirate:~/git_workes$ ls .git/objects/
14/   2c/   4c/   69/   9a/   9c/   info/ pack/ 
nnn@pirate:~/git_workes$ ls .git/objects/
14/   2c/   4c/   69/   9a/   9c/   info/ pack/ 
nnn@pirate:~/git_workes$ sudo ssh-keygen -t ed25519-C "nagendraherle@gmail.com"
[sudo] password for nnn: 
Too many arguments.
usage: ssh-keygen [-q] [-b bits] [-C comment] [-f output_keyfile] [-m format]
                  [-t dsa | ecdsa | ecdsa-sk | ed25519 | ed25519-sk | rsa]
                  [-N new_passphrase] [-O option] [-w provider]
       ssh-keygen -p [-f keyfile] [-m format] [-N new_passphrase]
                   [-P old_passphrase]
       ssh-keygen -i [-f input_keyfile] [-m key_format]
       ssh-keygen -e [-f input_keyfile] [-m key_format]
       ssh-keygen -y [-f input_keyfile]
       ssh-keygen -c [-C comment] [-f keyfile] [-P passphrase]
       ssh-keygen -l [-v] [-E fingerprint_hash] [-f input_keyfile]
       ssh-keygen -B [-f input_keyfile]
       ssh-keygen -D pkcs11
       ssh-keygen -F hostname [-lv] [-f known_hosts_file]
       ssh-keygen -H [-f known_hosts_file]
       ssh-keygen -K [-w provider]
       ssh-keygen -R hostname [-f known_hosts_file]
       ssh-keygen -r hostname [-g] [-f input_keyfile]
       ssh-keygen -M generate [-O option] output_file
       ssh-keygen -M screen [-f input_file] [-O option] output_file
       ssh-keygen -I certificate_identity -s ca_key [-hU] [-D pkcs11_provider]
                  [-n principals] [-O option] [-V validity_interval]
                  [-z serial_number] file ...
       ssh-keygen -L [-f input_keyfile]
       ssh-keygen -A [-f prefix_path]
       ssh-keygen -k -f krl_file [-u] [-s ca_public] [-z version_number]
                  file ...
       ssh-keygen -Q -f krl_file file ...
       ssh-keygen -Y find-principals -s signature_file -f allowed_signers_file
       ssh-keygen -Y check-novalidate -n namespace -s signature_file
       ssh-keygen -Y sign -f key_file -n namespace file ...
       ssh-keygen -Y verify -f allowed_signers_file -I signer_identity
       		-n namespace -s signature_file [-r revocation_file]
nnn@pirate:~/git_workes$ sudo ssh-keygen -t ed25519 -C "nagendraherle@gmail.com"
Generating public/private ed25519 key pair.
Enter file in which to save the key (/root/.ssh/id_ed25519): n1 
Enter passphrase (empty for no passphrase): 
Enter same passphrase again: 
Your identification has been saved in n1
Your public key has been saved in n1.pub
The key fingerprint is:
SHA256:kMZ/Y22aNilwTEAb1XnwQZLVdmEg4sCU+j/wPM1BXvo nagendraherle@gmail.com
The key's randomart image is:
+--[ED25519 256]--+
|     .*+oooB+o.o.|
|     . Bo =oo.+ .|
|      B .. ... . |
|     o =   o .   |
|      o S * =    |
|       = o X     |
|        * O o    |
|         O + E   |
|          o      |
+----[SHA256]-----+
nnn@pirate:~/git_workes$ ls



rror loading key "n1.pub": invalid format
nnn@pirate:~/git_workes$ ssh-add n1
n1: Permission denied
nnn@pirate:~/git_workes$ sudo ssh-add n1
Could not open a connection to your authentication agent.
nnn@pirate:~/git_workes$ eval `ssh-agent -s`
Agent pid 5791
nnn@pirate:~/git_workes$ ssh-add n1
n1: Permission denied
nnn@pirate:~/git_workes$ ssh -T git@github.com
Warning: Permanently added the ECDSA host key for IP address '13.234.176.102' to the list of known hosts.
git@github.com: Permission denied (publickey).
nnn@pirate:~/git_workes$ ssh-agent bash
nnn@pirate:~/git_workes$ ssh-add n1
n1: Permission denied
nnn@pirate:~/git_workes$ git status
On branch master
Untracked files:
  (use "git add <file>..." to include in what will be committed)
	n1
	n1.pub

nothing added to commit but untracked files present (use "git add" to track)
nnn@pirate:~/git_workes$ ls
1.txt  2.txt  n1  n1.pub
nnn@pirate:~/git_workes$ echo "# lss" >> README.md
nnn@pirate:~/git_workes$ sudo ssh-keygen -t ed25519 -C "nagendraherle@gmail.com"
[sudo] password for nnn: 
Generating public/private ed25519 key pair.
Enter file in which to save the key (/root/.ssh/id_ed25519): ppp
Enter passphrase (empty for no passphrase): 
Enter same passphrase again: 
Your identification has been saved in ppp
Your public key has been saved in ppp.pub
The key fingerprint is:
SHA256:CzhzMA+kPXyAaKih83Dnr5KbYePSVOf4ex+z37Ojkyc nagendraherle@gmail.com
The key's randomart image is:
+--[ED25519 256]--+
|.. .o            |
|+..= .           |
|+.. B .          |
|= . oO.          |
| = ++++ S        |
|  o o+.. .       |
| o+. o  . o  .   |
|.o++  o .  +E.+  |
| .+o...o .o.o=o+ |
+----[SHA256]-----+
nnn@pirate:~/git_workes$ ssh -T git@github.com
git@github.com: Permission denied (publickey).
nnn@pirate:~/git_workes$ cat ppp
cat: ppp: Permission denied
nnn@pirate:~/git_workes$ cat ppp.pub
ssh-ed25519 AAAAC3NzaC1lZDI1NTE5AAAAIKV/ZcsXodk4/oC+EPE70USQnocWl5eF4WmHwLykC3sg nagendraherle@gmail.com
nnn@pirate:~/git_workes$ eval `ssh-agent -s`
Agent pid 6089
nnn@pirate:~/git_workes$ exec ssh-agent bash
nnn@pirate:~/git_workes$ ssh-add ppp
ppp: Permission denied
nnn@pirate:~/git_workes$ sudo ssh-add ppp
Could not open a connection to your authentication agent.
nnn@pirate:~/git_workes$ exec ssh-agent 
SSH_AUTH_SOCK=/tmp/ssh-6NiRrgbU4P4S/agent.5799; export SSH_AUTH_SOCK;
SSH_AGENT_PID=6106; export SSH_AGENT_PID;
echo Agent pid 6106;
nnn@pirate:~/git_workes$ ssh-add ppp
ppp: Permission denied
nnn@pirate:~/git_workes$ ^C
nnn@pirate:~/git_workes$ eval `ssh-agent`
Agent pid 6141
nnn@pirate:~/git_workes$ ssh-add
nnn@pirate:~/git_workes$ ssh -T git@github.com
git@github.com: Permission denied (publickey).
nnn@pirate:~/git_workes$ ssh-add ppp
ppp: Permission denied



nnn@pirate:~/git_workes$ sudo ssh-keygen -t ed25519 -C "nagendraherle@gmail.com"
Generating public/private ed25519 key pair.
Enter file in which to save the key (/root/.ssh/id_ed25519): a1
Enter passphrase (empty for no passphrase): 
Enter same passphrase again: 
Your identification has been saved in a1
Your public key has been saved in a1.pub
The key fingerprint is:
SHA256:q1tdu+dxtE9qQVjquGVK/+ooE1WqBQ+oZediUzIMjbU nagendraherle@gmail.com
The key's randomart image is:
+--[ED25519 256]--+
|    .*..         |
|    . O.=   . .  |
|     +E* + o +   |
|    . + . = o .  |
|     . oS+ o..  .|
|        ooo.+....|
|        oo.*. .oo|
|       oo o...o=.|
|      o. o..+*+ .|
+----[SHA256]-----+
nnn@pirate:~/git_workes$ ssh -T git@github.com
git@github.com: Permission denied (publickey).
nnn@pirate:~/git_workes$ ssh-agent bash
nnn@pirate:~/git_workes$ cat a1.pub
ssh-ed25519 AAAAC3NzaC1lZDI1NTE5AAAAIFv3OCcWbotNmikiwTYu9xzfyIz7CSW7fYFB7oDFcKxD nagendraherle@gmail.com
nnn@pirate:~/git_workes$ ^C
nnn@pirate:~/git_workes$ ssh -T git@github.com
git@github.com: Permission denied (publickey).
nnn@pirate:~/git_workes$ eval `ssh-agent -s`
Agent pid 6217
nnn@pirate:~/git_workes$ exec ssh-agent 
SSH_AUTH_SOCK=/tmp/ssh-GSkiByqeJOwO/agent.6156; export SSH_AUTH_SOCK;
SSH_AGENT_PID=6219; export SSH_AGENT_PID;
echo Agent pid 6219;
nnn@pirate:~/git_workes$ ssh-add a1
a1: Permission denied
nnn@pirate:~/git_workes$ ^C
nnn@pirate:~/git_workes$ 


